###############################################################################
#
# IAR ELF Linker V9.32.2.340/W64 for ARM                  26/Jul/2023  01:51:37
# Copyright 2007-2023 IAR Systems AB.
#
#    Output file  =
#        C:\IAR Embedded
#        Workbench\LinhVT18_EMB_Assignment_16_new\project\Debug\Exe\LedBlinking.out
#    Map file     =
#        C:\IAR Embedded
#        Workbench\LinhVT18_EMB_Assignment_16_new\project\Debug\List\LedBlinking.map
#    Command line =
#        -f "C:\IAR Embedded
#        Workbench\LinhVT18_EMB_Assignment_16_new\project\Debug\Exe\LedBlinking.out.rsp"
#        ("C:\IAR Embedded
#        Workbench\LinhVT18_EMB_Assignment_16_new\project\Debug\Obj\source\CLOCK.o"
#        "C:\IAR Embedded
#        Workbench\LinhVT18_EMB_Assignment_16_new\project\Debug\Obj\source\Flash.o"
#        "C:\IAR Embedded
#        Workbench\LinhVT18_EMB_Assignment_16_new\project\Debug\Obj\source\main.o"
#        "C:\IAR Embedded
#        Workbench\LinhVT18_EMB_Assignment_16_new\project\Debug\Obj\Peripheral.o"
#        "C:\IAR Embedded
#        Workbench\LinhVT18_EMB_Assignment_16_new\project\Debug\Obj\source\PIT.o"
#        "C:\IAR Embedded
#        Workbench\LinhVT18_EMB_Assignment_16_new\project\Debug\Obj\source\RingBuffer.o"
#        "C:\IAR Embedded
#        Workbench\LinhVT18_EMB_Assignment_16_new\project\Debug\Obj\Srecord.o"
#        "C:\IAR Embedded
#        Workbench\LinhVT18_EMB_Assignment_16_new\project\Debug\Obj\startup\startup_MKL46Z4.o"
#        "C:\IAR Embedded
#        Workbench\LinhVT18_EMB_Assignment_16_new\project\Debug\Obj\source\String_Handle.o"
#        "C:\IAR Embedded
#        Workbench\LinhVT18_EMB_Assignment_16_new\project\Debug\Obj\source\system_MKL46Z4.o"
#        "C:\IAR Embedded
#        Workbench\LinhVT18_EMB_Assignment_16_new\project\Debug\Obj\source\TPM.o"
#        "C:\IAR Embedded
#        Workbench\LinhVT18_EMB_Assignment_16_new\project\Debug\Obj\UART.o"
#        --no_out_extension -o "C:\IAR Embedded
#        Workbench\LinhVT18_EMB_Assignment_16_new\project\Debug\Exe\LedBlinking.out"
#        --map "C:\IAR Embedded
#        Workbench\LinhVT18_EMB_Assignment_16_new\project\Debug\List\LedBlinking.map"
#        --config "C:\Program Files\IAR Systems\Embedded Workbench
#        9.1\arm/config/linker/NXP/MKL46Z256xxx4.icf" --semihosting --entry
#        __iar_program_start --vfe --text_out locale --cpu=Cortex-M0+
#        --fpu=None)
#
###############################################################################

*******************************************************************************
*** RUNTIME MODEL ATTRIBUTES
***

CppFlavor       = *
__CPP_Runtime   = 1
__SystemLibrary = DLib
__dlib_version  = 6


*******************************************************************************
*** HEAP SELECTION
***

The basic heap was selected because --advanced_heap
was not specified and the application did not appear to
be primarily optimized for speed.


*******************************************************************************
*** PLACEMENT SUMMARY
***

"A0":  place at address 0x0 { ro section .intvec };
"P1":  place in [from 0x0 to 0x3ff] |
                [from 0x410 to 0x3'ffff] { ro };
define block CSTACK with size = 2K, alignment = 8 { };
define block HEAP with size = 4K, alignment = 8 { };
"P3":  place in [from 0x1fff'e000 to 0x1fff'ffff] |
                [from 0x2000'0000 to 0x2000'5fff] {
          rw, block CSTACK, block HEAP };
"P5":  place in [from 0x400 to 0x40f] { section FlashConfig };
initialize by copy { rw };

No sections matched the following patterns:

  ro section application_specific_ro  in "P2|P4"
  rw section application_specific_rw  in "P2|P4"


  Section            Kind         Address   Size  Object
  -------            ----         -------   ----  ------
"A0":                                       0xc0
  .intvec            ro code          0x0   0xc0  startup_MKL46Z4.o [3]
                                   - 0xc0   0xc0

"P1", part 1 of 2:                         0x118
  .text              ro code         0xc0   0x38  String_Handle.o [2]
  Initializer bytes  const           0xf8   0xe0  <for P3 s0>
                                  - 0x1d8  0x118

"P5":                                       0x10
  FlashConfig        ro code        0x400   0x10  startup_MKL46Z4.o [3]
                                  - 0x410   0x10

"P1", part 2 of 2:                         0xbcc
  .text              ro code        0x410  0x250  UART.o [1]
  .text              ro code        0x660   0xe0  I32DivModFast.o [6]
  .text              ro code        0x740    0x2  IntDivZer.o [6]
  .text              ro code        0x742    0x2  startup_MKL46Z4.o [3]
  Veneer             ro code        0x744   0x10  - Linker created -
  .text              ro code        0x754  0x1d0  main.o [2]
  .text              ro code        0x924   0xdc  Peripheral.o [1]
  .text              ro code        0xa00  0x172  CLOCK.o [2]
  .text              ro code        0xb72    0x2  startup_MKL46Z4.o [3]
  .text              ro code        0xb74   0xbc  Flash.o [2]
  Veneer             ro code        0xc30   0x10  - Linker created -
  .text              ro code        0xc40   0x34  RingBuffer.o [2]
  .text              ro code        0xc74   0x14  memset.o [6]
  .text              ro code        0xc88   0x54  Srecord.o [1]
  .text              ro code        0xcdc    0xc  memcpy.o [6]
  .text              ro code        0xce8   0x4e  ABImemset.o [6]
  .text              ro code        0xd36    0x2  startup_MKL46Z4.o [3]
  .text              ro code        0xd38   0x4e  ABImemcpy.o [6]
  .text              ro code        0xd86    0x2  startup_MKL46Z4.o [3]
  .rodata            const          0xd88   0x3c  String_Handle.o [2]
  .text              ro code        0xdc4   0x3c  zero_init3.o [6]
  .text              ro code        0xe00   0x30  copy_init3.o [6]
  .text              ro code        0xe30   0x28  data_init.o [6]
  .text              ro code        0xe58   0x24  startup_MKL46Z4.o [3]
  .iar.init_table    const          0xe7c   0x24  - Linker created -
  .text              ro code        0xea0   0x1e  cmain.o [6]
  .text              ro code        0xebe    0x4  low_level_init.o [4]
  .text              ro code        0xec2    0x8  exit.o [4]
  .text              ro code        0xecc    0xa  cexit.o [6]
  .text              ro code        0xed8   0x14  exit.o [7]
  .rodata            const          0xeec   0x1c  main.o [2]
  .rodata            const          0xf08   0x1c  String_Handle.o [2]
  .text              ro code        0xf24   0x1c  cstartup_M.o [6]
  .rodata            const          0xf40   0x18  main.o [2]
  .rodata            const          0xf58   0x18  String_Handle.o [2]
  .text              ro code        0xf70    0xc  system_MKL46Z4.o [2]
  .text              ro code        0xf7c    0x8  startup_MKL46Z4.o [3]
  .text              ro code        0xf84    0x8  startup_MKL46Z4.o [3]
  .text              ro code        0xf8c    0x8  startup_MKL46Z4.o [3]
  .text              ro code        0xf94    0x8  startup_MKL46Z4.o [3]
  .text              ro code        0xf9c    0x8  startup_MKL46Z4.o [3]
  .text              ro code        0xfa4    0x8  startup_MKL46Z4.o [3]
  .text              ro code        0xfac    0x8  startup_MKL46Z4.o [3]
  .text              ro code        0xfb4    0x8  startup_MKL46Z4.o [3]
  .text              ro code        0xfbc    0x8  startup_MKL46Z4.o [3]
  .text              ro code        0xfc4    0x8  startup_MKL46Z4.o [3]
  .text              ro code        0xfcc    0x8  startup_MKL46Z4.o [3]
  .text              ro code        0xfd4    0x8  startup_MKL46Z4.o [3]
  .rodata            const          0xfdc    0x0  zero_init3.o [6]
  .rodata            const          0xfdc    0x0  copy_init3.o [6]
                                  - 0xfdc  0xbcc

"P3", part 1 of 3:                          0xe0
  P3 s0                       0x1fff'e000   0xe0  <Init block>
    .textrw          inited   0x1fff'e000   0x98  RingBuffer.o [2]
    .textrw          inited   0x1fff'e098   0x30  Srecord.o [1]
    .textrw          inited   0x1fff'e0c8   0x14  main.o [2]
    .data            inited   0x1fff'e0dc    0x1  main.o [2]
    .data            inited   0x1fff'e0dd    0x1  RingBuffer.o [2]
                            - 0x1fff'e0e0   0xe0

"P3", part 2 of 3:                         0x318
  .bss               zero     0x1fff'e0e0  0x1f4  RingBuffer.o [2]
  .bss               zero     0x1fff'e300   0xc0  main.o [2]
  .bss               zero     0x1fff'e3c0    0xc  RingBuffer.o [2]
  .bss               zero     0x1fff'e3cc    0x4  main.o [2]
  .bss               zero     0x1fff'e3d0    0x4  main.o [2]
  .bss               zero     0x1fff'e3d4    0x4  UART.o [1]
  .bss               zero     0x1fff'e3d8    0x4  UART.o [1]
  .bss               zero     0x1fff'e3dc    0x4  UART.o [1]
  .bss               zero     0x1fff'e3e0    0x4  UART.o [1]
  .bss               zero     0x1fff'e3e4    0x4  UART.o [1]
  .bss               zero     0x1fff'e3e8    0x4  UART.o [1]
  .bss               zero     0x1fff'e3ec    0x4  UART.o [1]
  .bss               zero     0x1fff'e3f0    0x1  main.o [2]
  .bss               zero     0x1fff'e3f1    0x1  RingBuffer.o [2]
  .bss               zero     0x1fff'e3f2    0x1  RingBuffer.o [2]
  .bss               zero     0x1fff'e3f3    0x1  RingBuffer.o [2]
  .bss               zero     0x1fff'e3f4    0x1  RingBuffer.o [2]
                            - 0x1fff'e3f5  0x315

"P3", part 3 of 3:                         0x800
  CSTACK                      0x1fff'e3f8  0x800  <Block>
    CSTACK           uninit   0x1fff'e3f8  0x800  <Block tail>
                            - 0x1fff'ebf8  0x800

Unused ranges:

         From           To      Size
         ----           --      ----
        0x1d8        0x3ff     0x228
        0xfdc     0x3'ffff  0x3'f024
  0x1fff'ebf8  0x1fff'ffff    0x1408
  0x2000'0000  0x2000'5fff    0x6000


*******************************************************************************
*** INIT TABLE
***

          Address      Size
          -------      ----
Zero (__iar_zero_init3)
    1 destination range, total size 0x315:
          0x1fff'e0e0  0x315

Copy (__iar_copy_init3)
    1 source range, total size 0xe0 (100% of destination):
                 0xf8   0xe0
    1 destination range, total size 0xde:
          0x1fff'e000   0xde



*******************************************************************************
*** MODULE SUMMARY
***

    Module             ro code  rw code  ro data  rw data
    ------             -------  -------  -------  -------
command line/config:
    -----------------------------------------------------
    Total:

C:\IAR Embedded Workbench\LinhVT18_EMB_Assignment_16_new\project\Debug\Obj: [1]
    Peripheral.o           220
    Srecord.o               84       48       48
    UART.o                 592                         28
    -----------------------------------------------------
    Total:                 896       48       48       28

C:\IAR Embedded Workbench\LinhVT18_EMB_Assignment_16_new\project\Debug\Obj\source: [2]
    CLOCK.o                370
    Flash.o                188
    RingBuffer.o            52      152      153      517
    String_Handle.o         56               112
    main.o                 464       20       73      202
    system_MKL46Z4.o        12
    -----------------------------------------------------
    Total:               1'142      172      338      719

C:\IAR Embedded Workbench\LinhVT18_EMB_Assignment_16_new\project\Debug\Obj\startup: [3]
    startup_MKL46Z4.o      348
    -----------------------------------------------------
    Total:                 348

dl6M_tln.a: [4]
    exit.o                   8
    low_level_init.o         4
    -----------------------------------------------------
    Total:                  12

m6M_tl.a: [5]
    -----------------------------------------------------
    Total:

rt6M_tl.a: [6]
    ABImemcpy.o             78
    ABImemset.o             78
    I32DivModFast.o        224
    IntDivZer.o              2
    cexit.o                 10
    cmain.o                 30
    copy_init3.o            48
    cstartup_M.o            28
    data_init.o             40
    memcpy.o                12
    memset.o                20
    zero_init3.o            60
    -----------------------------------------------------
    Total:                 630

shb_l.a: [7]
    exit.o                  20
    -----------------------------------------------------
    Total:                  20

    Gaps                     4                         44
    Linker created          32                38    2'048
---------------------------------------------------------
    Grand Total:         3'084      220      424    2'839


*******************************************************************************
*** ENTRY LIST
***

Entry                       Address   Size  Type      Object
-----                       -------   ----  ----      ------
.iar.init_table$$Base         0xe7c          --   Gb  - Linker created -
.iar.init_table$$Limit        0xea0          --   Gb  - Linker created -
?main                         0xea1         Code  Gb  cmain.o [6]
ADC0_IRQHandler               0xfd5         Code  Wk  startup_MKL46Z4.o [3]
CMP0_IRQHandler               0xfd5         Code  Wk  startup_MKL46Z4.o [3]
CSTACK$$Base            0x1fff'e3f8          --   Gb  - Linker created -
CSTACK$$Limit           0x1fff'ebf8          --   Gb  - Linker created -
Calculate_Check_Sum           0xc89   0x4c  Code  Gb  Srecord.o [1]
Choose_FLL_PLL                0xa01   0x18  Code  Gb  CLOCK.o [2]
Choose_Frequency_Range        0xac5   0x18  Code  Gb  CLOCK.o [2]
Choose_OSCCLK                 0xadd   0x18  Code  Gb  CLOCK.o [2]
Choose_PLLCLK2_FLLCLK         0xaa9   0x1c  Code  Gb  CLOCK.o [2]
Convert2ChartoHex       0x1fff'e099   0x30  Code  Gb  Srecord.o [1]
DAC0_IRQHandler               0xfd5         Code  Wk  startup_MKL46Z4.o [3]
DMA0_DriverIRQHandler         0xfd5         Code  Wk  startup_MKL46Z4.o [3]
DMA0_IRQHandler               0xf7d         Code  Wk  startup_MKL46Z4.o [3]
DMA1_DriverIRQHandler         0xfd5         Code  Wk  startup_MKL46Z4.o [3]
DMA1_IRQHandler               0xf85         Code  Wk  startup_MKL46Z4.o [3]
DMA2_DriverIRQHandler         0xfd5         Code  Wk  startup_MKL46Z4.o [3]
DMA2_IRQHandler               0xf8d         Code  Wk  startup_MKL46Z4.o [3]
DMA3_DriverIRQHandler         0xfd5         Code  Wk  startup_MKL46Z4.o [3]
DMA3_IRQHandler               0xf95         Code  Wk  startup_MKL46Z4.o [3]
DefaultISR                    0xfd5         Code  Wk  startup_MKL46Z4.o [3]
FTFA_IRQHandler               0xfd5         Code  Wk  startup_MKL46Z4.o [3]
False_Setup_Uart               0xdb    0xa  Code  Gb  String_Handle.o [2]
Flash_Erase                   0xbcd   0x3e  Code  Gb  Flash.o [2]
Flash_Write                   0xb75   0x58  Code  Gb  Flash.o [2]
Handle_Queue_Overflow          0xc1   0x10  Code  Gb  String_Handle.o [2]
HardFault_Handler             0x8f9    0x4  Code  Gb  main.o [2]
I2C0_DriverIRQHandler         0xfd5         Code  Wk  startup_MKL46Z4.o [3]
I2C0_IRQHandler               0xf9d         Code  Wk  startup_MKL46Z4.o [3]
I2C1_DriverIRQHandler         0xfd5         Code  Wk  startup_MKL46Z4.o [3]
I2C1_IRQHandler               0xfa5         Code  Wk  startup_MKL46Z4.o [3]
I2S0_DriverIRQHandler         0xfd5         Code  Wk  startup_MKL46Z4.o [3]
I2S0_IRQHandler               0xfcd         Code  Wk  startup_MKL46Z4.o [3]
LCD_IRQHandler                0xfd5         Code  Wk  startup_MKL46Z4.o [3]
LLWU_IRQHandler               0xfd5         Code  Wk  startup_MKL46Z4.o [3]
LPTMR0_IRQHandler             0xfd5         Code  Wk  startup_MKL46Z4.o [3]
LVD_LVW_IRQHandler            0xfd5         Code  Wk  startup_MKL46Z4.o [3]
MCGOUTCLK_Clock               0xa95   0x14  Code  Gb  CLOCK.o [2]
MCGOUTCLK_divide_OUTDIV1_OUTDIV4
                              0xa6b   0x2a  Code  Gb  CLOCK.o [2]
MCG_IRQHandler                0xfd5         Code  Wk  startup_MKL46Z4.o [3]
Move_Vector_Table             0x8e1   0x18  Code  Gb  main.o [2]
Multiply_Out_PLL              0xa53   0x18  Code  Gb  CLOCK.o [2]
NMI_Handler                   0x743         Code  Wk  startup_MKL46Z4.o [3]
NVIC_EnableIRQ                0x755    0xe  Code  Lc  main.o [2]
OSCCLK_Clock_Gate             0xaf5   0x14  Code  Gb  CLOCK.o [2]
PIT_IRQHandler                0xfd5         Code  Wk  startup_MKL46Z4.o [3]
PLL_Clock_Control             0xa31   0x22  Code  Gb  CLOCK.o [2]
PLL_Source_Divider            0xa19   0x18  Code  Gb  CLOCK.o [2]
PORTA_IRQHandler              0xfd5         Code  Wk  startup_MKL46Z4.o [3]
PORTC_PORTD_IRQHandler        0xfd5         Code  Wk  startup_MKL46Z4.o [3]
PendSV_Handler                0xd37         Code  Wk  startup_MKL46Z4.o [3]
Process_Data_From_Queue
                              0x7e7   0xfa  Code  Gb  main.o [2]
Push_Circular_Queue     0x1fff'e001   0x5a  Code  Gb  RingBuffer.o [2]
Push_Circular_Queue::count
                        0x1fff'e3f4    0x1  Data  Lc  RingBuffer.o [2]
RTC_IRQHandler                0xfd5         Code  Wk  startup_MKL46Z4.o [3]
RTC_Seconds_IRQHandler        0xfd5         Code  Wk  startup_MKL46Z4.o [3]
Region$$Table$$Base           0xe7c          --   Gb  - Linker created -
Region$$Table$$Limit          0xea0          --   Gb  - Linker created -
Reserved20_IRQHandler         0xfd5         Code  Wk  startup_MKL46Z4.o [3]
Reset_Handler                 0xe59         Code  Wk  startup_MKL46Z4.o [3]
SPI0_DriverIRQHandler         0xfd5         Code  Wk  startup_MKL46Z4.o [3]
SPI0_IRQHandler               0xfad         Code  Wk  startup_MKL46Z4.o [3]
SPI1_DriverIRQHandler         0xfd5         Code  Wk  startup_MKL46Z4.o [3]
SPI1_IRQHandler               0xfb5         Code  Wk  startup_MKL46Z4.o [3]
SVC_Handler                   0xb73         Code  Wk  startup_MKL46Z4.o [3]
SetMSP                        0x765    0x6  Code  Gb  main.o [2]
SetPC                         0x76d    0x4  Code  Gb  main.o [2]
SysTick_Handler               0xd87         Code  Wk  startup_MKL46Z4.o [3]
SystemInit                    0xf71    0x8  Code  Gb  system_MKL46Z4.o [2]
TPM0_IRQHandler               0xfd5         Code  Wk  startup_MKL46Z4.o [3]
TPM1_IRQHandler               0xfd5         Code  Wk  startup_MKL46Z4.o [3]
TPM2_IRQHandler               0xfd5         Code  Wk  startup_MKL46Z4.o [3]
TSI0_IRQHandler               0xfd5         Code  Wk  startup_MKL46Z4.o [3]
UART0_DriverIRQHandler        0xfd5         Code  Wk  startup_MKL46Z4.o [3]
UART0_IRQHandler        0x1fff'e0c9   0x14  Code  Gb  main.o [2]
UART0_setclk                  0x575   0x1c  Code  Gb  UART.o [1]
UART1_DriverIRQHandler        0xfd5         Code  Wk  startup_MKL46Z4.o [3]
UART1_IRQHandler              0xfbd         Code  Wk  startup_MKL46Z4.o [3]
UART2_DriverIRQHandler        0xfd5         Code  Wk  startup_MKL46Z4.o [3]
UART2_IRQHandler              0xfc5         Code  Wk  startup_MKL46Z4.o [3]
USB0_IRQHandler               0xfd5         Code  Wk  startup_MKL46Z4.o [3]
Uart_Put_Data                 0x5d7   0x10  Code  Gb  UART.o [1]
Uart_String_Transmission
                              0x5c1   0x16  Code  Gb  UART.o [1]
Update_Driver_Successful
                               0xd1    0xa  Code  Gb  String_Handle.o [2]
Vector_Table_To_RAM     0x1fff'e300   0xc0  Data  Gb  main.o [2]
__Vectors                       0x0          --   Gb  startup_MKL46Z4.o [3]
__Vectors_End                  0xc0         Data  Gb  startup_MKL46Z4.o [3]
__Vectors_Size {Abs}           0xc0          --   Gb  startup_MKL46Z4.o [3]
__aeabi_idiv                  0x68d         Code  Gb  I32DivModFast.o [6]
__aeabi_idiv0                 0x741         Code  Gb  IntDivZer.o [6]
__aeabi_idivmod               0x68d         Code  Gb  I32DivModFast.o [6]
__aeabi_memcpy                0xd6d         Code  Gb  ABImemcpy.o [6]
__aeabi_memcpy4               0xd39         Code  Gb  ABImemcpy.o [6]
__aeabi_memcpy8               0xd39         Code  Gb  ABImemcpy.o [6]
__aeabi_memset                0xce9         Code  Gb  ABImemset.o [6]
__aeabi_uidiv                 0x693         Code  Gb  I32DivModFast.o [6]
__aeabi_uidivmod              0x693         Code  Gb  I32DivModFast.o [6]
__cmain                       0xea1         Code  Gb  cmain.o [6]
__exit                        0xed9   0x14  Code  Gb  exit.o [7]
__iar_Memcpy                  0xd79         Code  Gb  ABImemcpy.o [6]
__iar_Memset4_word            0xd09         Code  Gb  ABImemset.o [6]
__iar_Memset_word             0xcf5         Code  Gb  ABImemset.o [6]
__iar_copy_init3              0xe01   0x30  Code  Gb  copy_init3.o [6]
__iar_data_init3              0xe31   0x28  Code  Gb  data_init.o [6]
__iar_program_start           0xf25         Code  Gb  cstartup_M.o [6]
__iar_zero_init3              0xdc5   0x3c  Code  Gb  zero_init3.o [6]
__low_level_init              0xebf    0x4  Code  Gb  low_level_init.o [4]
__vector_table                  0x0         Data  Gb  startup_MKL46Z4.o [3]
__vector_table_0x1c            0x1c         Data  Gb  startup_MKL46Z4.o [3]
_call_main                    0xead         Code  Gb  cmain.o [6]
_exit                         0xecd         Code  Gb  cexit.o [6]
add_restart             0x1fff'e3cc    0x4  Data  Gb  main.o [2]
driver_update_flag      0x1fff'e0dc    0x1  Data  Gb  main.o [2]
exit                          0xec3    0x8  Code  Gb  exit.o [4]
false_setup_baudrate          0x56d    0x8  Code  Gb  UART.o [1]
get_index_queue_head    0x1fff'e06f    0xe  Code  Gb  RingBuffer.o [2]
get_index_queue_tail          0xc4d    0xe  Code  Gb  RingBuffer.o [2]
get_queue_head                0xc41    0x6  Code  Gb  RingBuffer.o [2]
get_queue_tail                0xc47    0x6  Code  Gb  RingBuffer.o [2]
get_srec_queue_address        0xc5b    0xe  Code  Gb  RingBuffer.o [2]
initLed                       0x925   0xac  Code  Gb  Peripheral.o [1]
init_clock                    0xb31   0x42  Code  Gb  CLOCK.o [2]
length_queue            0x1fff'e3c0    0xc  Data  Gb  RingBuffer.o [2]
main                          0x771   0x76  Code  Gb  main.o [2]
memcpy                        0xcdd    0xc  Code  Gb  memcpy.o [6]
memset                        0xc75   0x14  Code  Gb  memset.o [6]
msp_restart             0x1fff'e3d0    0x4  Data  Gb  main.o [2]
next_index              0x1fff'e05b   0x14  Code  Gb  RingBuffer.o [2]
pop_line                0x1fff'e3f0    0x1  Data  Lc  main.o [2]
push_line               0x1fff'e3f3    0x1  Data  Lc  RingBuffer.o [2]
queue_head              0x1fff'e3f1    0x1  Data  Gb  RingBuffer.o [2]
queue_overflow_flag     0x1fff'e0dd    0x1  Data  Gb  RingBuffer.o [2]
queue_tail              0x1fff'e3f2    0x1  Data  Gb  RingBuffer.o [2]
srec_queue              0x1fff'e0e0  0x1f4  Data  Gb  RingBuffer.o [2]
uart0_control                 0x411   0x14  Code  Gb  UART.o [1]
uart0_receive                 0x5a9   0x18  Code  Gb  UART.o [1]
uart0_set_baurate             0x425  0x148  Code  Gb  UART.o [1]
uart0_set_baurate::u32_div
                        0x1fff'e3ec    0x4  Data  Lc  UART.o [1]
uart0_set_baurate::u32_min_diff
                        0x1fff'e3e4    0x4  Data  Lc  UART.o [1]
uart0_set_baurate::u32_osr
                        0x1fff'e3d8    0x4  Data  Lc  UART.o [1]
uart0_set_baurate::u32_sbr
                        0x1fff'e3d4    0x4  Data  Lc  UART.o [1]
uart0_set_baurate::u32_temp_diff
                        0x1fff'e3e8    0x4  Data  Lc  UART.o [1]
uart0_set_baurate::u32_temp_osr
                        0x1fff'e3e0    0x4  Data  Lc  UART.o [1]
uart0_set_baurate::u32_temp_sbr
                        0x1fff'e3dc    0x4  Data  Lc  UART.o [1]
uart0_transmission            0x591   0x18  Code  Gb  UART.o [1]
uart_init                     0x5e7   0x30  Code  Gb  UART.o [1]


[1] = C:\IAR Embedded Workbench\LinhVT18_EMB_Assignment_16_new\project\Debug\Obj
[2] = C:\IAR Embedded Workbench\LinhVT18_EMB_Assignment_16_new\project\Debug\Obj\source
[3] = C:\IAR Embedded Workbench\LinhVT18_EMB_Assignment_16_new\project\Debug\Obj\startup
[4] = dl6M_tln.a
[5] = m6M_tl.a
[6] = rt6M_tl.a
[7] = shb_l.a

  3'084 bytes of readonly  code memory
    220 bytes of readwrite code memory
    424 bytes of readonly  data memory
  2'839 bytes of readwrite data memory

Errors: none
Warnings: none
